Starting random stress system...
[Thu May 14 07:43:38 UTC 2026] Waiting for 16 seconds...
[Thu May 14 07:43:54 UTC 2026] Running stress for 5 seconds...
stress: info: [33477] dispatching hogs: 4 cpu, 0 io, 0 vm, 0 hdd
stress: info: [33477] successful run completed in 5s
[Thu May 14 07:43:59 UTC 2026] Waiting for 27 seconds...
[Thu May 14 07:44:26 UTC 2026] Running stress for 5 seconds...
stress: info: [33485] dispatching hogs: 4 cpu, 0 io, 0 vm, 0 hdd
stress: info: [33485] successful run completed in 5s
[Thu May 14 07:44:31 UTC 2026] Waiting for 50 seconds...
[Thu May 14 07:45:21 UTC 2026] Running stress for 5 seconds...
stress: info: [33541] dispatching hogs: 4 cpu, 0 io, 0 vm, 0 hdd
stress: info: [33541] successful run completed in 5s
[Thu May 14 07:45:26 UTC 2026] Waiting for 57 seconds...
[Thu May 14 07:46:23 UTC 2026] Running stress for 5 seconds...
stress: info: [33598] dispatching hogs: 4 cpu, 0 io, 0 vm, 0 hdd
stress: info: [33598] successful run completed in 5s
[Thu May 14 07:46:28 UTC 2026] Waiting for 25 seconds...
[Thu May 14 07:46:53 UTC 2026] Running stress for 5 seconds...
stress: info: [33654] dispatching hogs: 4 cpu, 0 io, 0 vm, 0 hdd
stress: info: [33654] successful run completed in 5s
[Thu May 14 07:46:58 UTC 2026] Waiting for 50 seconds...
[Thu May 14 07:47:48 UTC 2026] Running stress for 5 seconds...
stress: info: [33779] dispatching hogs: 4 cpu, 0 io, 0 vm, 0 hdd
stress: info: [33779] successful run completed in 5s
[Thu May 14 07:47:53 UTC 2026] Waiting for 52 seconds...
[Thu May 14 07:48:45 UTC 2026] Running stress for 5 seconds...
stress: info: [33836] dispatching hogs: 4 cpu, 0 io, 0 vm, 0 hdd
stress: info: [33836] successful run completed in 5s
[Thu May 14 07:48:50 UTC 2026] Waiting for 38 seconds...
[Thu May 14 07:49:28 UTC 2026] Running stress for 5 seconds...
stress: info: [33893] dispatching hogs: 4 cpu, 0 io, 0 vm, 0 hdd
stress: info: [33893] successful run completed in 5s
[Thu May 14 07:49:33 UTC 2026] Waiting for 54 seconds...
[Thu May 14 07:50:27 UTC 2026] Running stress for 5 seconds...
stress: info: [33953] dispatching hogs: 4 cpu, 0 io, 0 vm, 0 hdd
stress: info: [33953] successful run completed in 5s
[Thu May 14 07:50:32 UTC 2026] Waiting for 56 seconds...
[Thu May 14 07:51:28 UTC 2026] Running stress for 5 seconds...
stress: info: [34009] dispatching hogs: 4 cpu, 0 io, 0 vm, 0 hdd
stress: info: [34009] successful run completed in 5s
[Thu May 14 07:51:33 UTC 2026] Waiting for 46 seconds...
[Thu May 14 07:52:19 UTC 2026] Running stress for 5 seconds...
stress: info: [34020] dispatching hogs: 4 cpu, 0 io, 0 vm, 0 hdd
stress: info: [34020] successful run completed in 5s
[Thu May 14 07:52:24 UTC 2026] Waiting for 59 seconds...
[Thu May 14 07:53:23 UTC 2026] Running stress for 5 seconds...
stress: info: [34077] dispatching hogs: 4 cpu, 0 io, 0 vm, 0 hdd
stress: info: [34077] successful run completed in 5s
[Thu May 14 07:53:28 UTC 2026] Waiting for 57 seconds...
[Thu May 14 07:54:25 UTC 2026] Running stress for 5 seconds...
stress: info: [34134] dispatching hogs: 4 cpu, 0 io, 0 vm, 0 hdd
stress: info: [34134] successful run completed in 5s
[Thu May 14 07:54:30 UTC 2026] Waiting for 50 seconds...
[Thu May 14 07:55:20 UTC 2026] Running stress for 5 seconds...
stress: info: [34190] dispatching hogs: 4 cpu, 0 io, 0 vm, 0 hdd
stress: info: [34190] successful run completed in 5s
[Thu May 14 07:55:25 UTC 2026] Waiting for 35 seconds...
[Thu May 14 07:56:00 UTC 2026] Running stress for 5 seconds...
stress: info: [34246] dispatching hogs: 4 cpu, 0 io, 0 vm, 0 hdd
stress: info: [34246] successful run completed in 5s
[Thu May 14 07:56:05 UTC 2026] Waiting for 29 seconds...
[Thu May 14 07:56:34 UTC 2026] Running stress for 5 seconds...
stress: info: [34254] dispatching hogs: 4 cpu, 0 io, 0 vm, 0 hdd
stress: info: [34254] successful run completed in 5s
[Thu May 14 07:56:39 UTC 2026] Waiting for 23 seconds...
[Thu May 14 07:57:02 UTC 2026] Running stress for 5 seconds...
stress: info: [34311] dispatching hogs: 4 cpu, 0 io, 0 vm, 0 hdd
stress: info: [34311] successful run completed in 5s
[Thu May 14 07:57:07 UTC 2026] Waiting for 43 seconds...
[Thu May 14 07:57:50 UTC 2026] Running stress for 5 seconds...
stress: info: [34322] dispatching hogs: 4 cpu, 0 io, 0 vm, 0 hdd
stress: info: [34322] successful run completed in 5s
[Thu May 14 07:57:55 UTC 2026] Waiting for 40 seconds...
[Thu May 14 07:58:35 UTC 2026] Running stress for 5 seconds...
stress: info: [34379] dispatching hogs: 4 cpu, 0 io, 0 vm, 0 hdd
stress: info: [34379] successful run completed in 5s
[Thu May 14 07:58:40 UTC 2026] Waiting for 22 seconds...
[Thu May 14 07:59:02 UTC 2026] Running stress for 5 seconds...
stress: info: [34387] dispatching hogs: 4 cpu, 0 io, 0 vm, 0 hdd
stress: info: [34387] successful run completed in 5s
[Thu May 14 07:59:07 UTC 2026] Waiting for 40 seconds...
[Thu May 14 07:59:47 UTC 2026] Running stress for 5 seconds...
stress: info: [34444] dispatching hogs: 4 cpu, 0 io, 0 vm, 0 hdd
stress: info: [34444] successful run completed in 5s
[Thu May 14 07:59:52 UTC 2026] Waiting for 54 seconds...
[Thu May 14 08:00:46 UTC 2026] Running stress for 5 seconds...
stress: info: [34501] dispatching hogs: 4 cpu, 0 io, 0 vm, 0 hdd
stress: info: [34501] successful run completed in 5s
[Thu May 14 08:00:51 UTC 2026] Waiting for 55 seconds...
[Thu May 14 08:01:46 UTC 2026] Running stress for 5 seconds...
stress: info: [34559] dispatching hogs: 4 cpu, 0 io, 0 vm, 0 hdd
stress: info: [34559] successful run completed in 5s
[Thu May 14 08:01:51 UTC 2026] Waiting for 48 seconds...
[Thu May 14 08:02:39 UTC 2026] Running stress for 5 seconds...
stress: info: [34570] dispatching hogs: 4 cpu, 0 io, 0 vm, 0 hdd
stress: info: [34570] successful run completed in 5s
[Thu May 14 08:02:44 UTC 2026] Waiting for 48 seconds...
[Thu May 14 08:03:32 UTC 2026] Running stress for 5 seconds...
stress: info: [34627] dispatching hogs: 4 cpu, 0 io, 0 vm, 0 hdd
stress: info: [34627] successful run completed in 5s
[Thu May 14 08:03:37 UTC 2026] Waiting for 18 seconds...
[Thu May 14 08:03:55 UTC 2026] Running stress for 5 seconds...
stress: info: [34684] dispatching hogs: 4 cpu, 0 io, 0 vm, 0 hdd
stress: info: [34684] successful run completed in 5s
[Thu May 14 08:04:00 UTC 2026] Waiting for 59 seconds...
[Thu May 14 08:04:59 UTC 2026] Running stress for 5 seconds...
stress: info: [34692] dispatching hogs: 4 cpu, 0 io, 0 vm, 0 hdd
stress: info: [34692] successful run completed in 5s
[Thu May 14 08:05:04 UTC 2026] Waiting for 50 seconds...
